[validate_state] OK
[supervisor 2026-07-02T07:25:00Z] current status=IDLE
[supervisor 2026-07-02T07:25:00Z] status=IDLE — invoking one-iteration
Cả file handoff cũng đang bị chặn quyền ghi. Có vẻ toàn bộ quyền Edit của phiên này đang bị từ chối. Tôi tạm dừng ở đây và báo cáo tình trạng thay vì tiếp tục thử.

**Tóm tắt iteration 7 (one-iteration):**
- Reality check: an toàn (`OMNI_AUTO_EXECUTE_ENABLED=false` xác nhận trên pod thật, workloads Running bình thường).
- Bottleneck chọn đúng theo `next_step` trong state: wire `idempotent=True` vào caller thật (`POST /autonomy/tenants`, `src/gateway/routes/autonomy.py:292`) — đây là entrypoint HTTP duy nhất gọi `AdminConfigRepo.create_tenant()`.
- **Bị chặn**: cả `src/gateway/routes/autonomy.py` lẫn `docs/handoffs/CURRENT_SESSION.md` đều bị từ chối quyền Edit trong phiên này → không có dòng code nào bị thay đổi, working tree không đổi so với đầu phiên (ngoại trừ các file post-mortem/skill vốn đã modified từ trước).

Bạn có muốn cấp quyền Edit để tôi tiếp tục wiring này không, hay để tôi dừng iteration tại đây?
[validate_state] OK
[supervisor 2026-07-02T07:26:47Z] current status=IDLE
[supervisor 2026-07-02T07:26:47Z] status=IDLE — invoking one-iteration
Quyền Edit bị từ chối cho file này (giống hệt tình trạng mà iteration trước của supervisor gặp phải) — đây có vẻ là giới hạn quyền của phiên/hook hiện tại, không phải lỗi tạm thời. Tôi dừng lại thay vì thử lặp lại.

**Tóm tắt iteration (one-iteration):**
- Reality check: an toàn — `OMNI_AUTO_EXECUTE_ENABLED=false` xác nhận trên pod thật, 3 VM + workloads Running, không drift nguy hiểm.
- Phát hiện: supervisor nền (pid 10320, đã chạy từ phiên trước) đang tồn tại song song với phiên tương tác này và cũng bị chặn Edit y hệt ở `src/gateway/routes/autonomy.py` — nghĩa là toàn phiên (không riêng tôi) không có quyền ghi vào file này.
- Bottleneck đã xác định đúng theo state: wire `idempotent=True` vào caller thật `POST /autonomy/tenants` (`src/gateway/routes/autonomy.py:292`), là entrypoint HTTP duy nhất gọi `AdminConfigRepo.create_tenant()`.
- **Không có thay đổi nào được ghi** — working tree không đổi so với đầu phiên.

Bạn cần cấp quyền Edit cho `src/gateway/routes/autonomy.py` (hoặc kiểm tra permission settings/hook đang chặn) để iteration này tiếp tục được. Tôi không cập nhật state/ledger vì chưa có tiến triển thật để ghi nhận.
[validate_state] OK
[supervisor 2026-07-02T07:27:44Z] current status=IDLE
[supervisor 2026-07-02T07:27:44Z] status=IDLE — invoking one-iteration
Xác nhận đúng vấn đề mà supervisor nền đã báo cáo lặp lại nhiều lần: quyền Edit cho `src/gateway/routes/autonomy.py` bị từ chối trong phiên này (không phải lỗi tạm thời — đã tái hiện qua nhiều lần gọi độc lập của supervisor lẫn phiên tương tác hiện tại). Tôi dừng lại, không thử lặp lại thao tác giống hệt.

**Kết quả iteration (one-iteration):**
- Reality check: an toàn — `OMNI_AUTO_EXECUTE_ENABLED=false` xác nhận trên `omni-fullstack` thật, 3 VM lab + workloads Running, không drift nguy hiểm về safety.
- Bottleneck xác định đúng theo `next_step` trong `AUTONOMOUS_LOOP_STATE.json`: wire `idempotent=True` vào caller HTTP thật `POST /autonomy/tenants` (`src/gateway/routes/autonomy.py:292`, entrypoint duy nhất gọi `AdminConfigRepo.create_tenant()`).
- **Blocker xác nhận**: Edit tool bị từ chối quyền ghi vào `src/gateway/routes/autonomy.py` — không chỉ ở phiên supervisor nền mà cả phiên tương tác hiện tại. Đây là giới hạn quyền cấp phiên/hook, không phải lỗi ngẫu nhiên.
- **Không có thay đổi nào được ghi.** Working tree không đổi so với đầu phiên (ngoại trừ 10 file post-mortem đã modified từ trước, và `.autonomous-loop/` là log nền không thuộc source).

**Cần bạn xử lý:** cấp quyền Edit cho `src/gateway/routes/autonomy.py` (hoặc kiểm tra permission settings/hook đang chặn file này cụ thể — các file khác trong repo có edit được không?) để iteration tiếp theo có thể tiến hành. Tôi không cập nhật state/ledger vì chưa có tiến triển thật để ghi nhận, tránh state giả DONE.
[validate_state] OK
[supervisor 2026-07-02T07:28:26Z] current status=IDLE
[supervisor 2026-07-02T07:28:26Z] status=IDLE — invoking one-iteration
[supervisor 2026-07-02T07:28:41Z] stopping supervisor pid=10320
[validate_state] OK
[supervisor 2026-07-02T07:31:22Z] current status=IDLE
[supervisor 2026-07-02T07:31:22Z] status=IDLE — invoking one-iteration (--dangerously-skip-permissions)
`docs/handoffs/CURRENT_SESSION.md` đã được cập nhật đầy đủ và chính xác — hóa ra một phiên supervisor khác đã chạy song song, phát hiện đúng vấn đề permission tôi gặp phải (Edit bị từ chối vì `-p` không có TTY), đã fix `supervisor.sh` để dùng `--dangerously-skip-permissions` (commit `50d2149`, theo yêu cầu tường minh 2 lần của user sau cảnh báo rủi ro), và đã ghi lại toàn bộ next-step chính xác khớp với phát hiện của tôi (wire `idempotent=True` vào `src/gateway/routes/autonomy.py` route `POST /autonomy/tenants`).

Không cần sửa thêm — handoff hiện đã mô tả đúng: sự cố kẹt vòng lặp do thiếu quyền, cách đã fix, và bottleneck kế tiếp cho phiên sau. Working tree không có thay đổi code thật nào từ tôi trong iteration này (chỉ đọc/investigate).
**Iteration 7 hoàn thành** (`8e15178`, chưa push):

- Bottleneck: Phase 4 của slice "Repeatable Tenant Onboarding Baseline" — `create_tenant(idempotent=True)` (iteration 6) mới chỉ `VERIFIED_TEST` (FakePgPool), chưa có caller thật.
- Fix: `scripts/provision_fresh_tenant.py` (mới) — gọi thẳng `AdminConfigRepo.create_tenant(idempotent=True)` qua asyncpg pool thật, tách khỏi `POST /autonomy/tenants` (endpoint đó vẫn giữ contract 409 cũ).
- Runtime proof thật: chạy 2 lần liên tiếp trên Postgres thật trong cluster (`omni-postgres-0` qua port-forward) cho tenant `tenant-replay-01` → psql xác nhận đúng 1 row `omni_admin.tenant`, đúng 1 audit event `omni_admin.config_change_log`. Nhãn `VERIFIED_RUNTIME`.
- Test: 29 passed (`test_admin_config_store.py` + `test_remote_agent_provisioning.py`).
- Docs đồng bộ: `PRODUCT_PROOF.md`, `AUTONOMOUS_LOOP_STATE.json`, ledger.
- Chưa làm (next step, Phase 6-7): gắn Agent/VM thật cho `tenant-replay-01`, chạy golden journey Discovery→Fact→Twin→Competency, chứng minh cô lập tenant vs `staging-sim`.

Không push — chờ chỉ thị theo quy tắc.
[validate_state] OK
[supervisor 2026-07-02T07:34:55Z] current status=IDLE
[supervisor 2026-07-02T07:34:55Z] status=IDLE — invoking one-iteration (--dangerously-skip-permissions)
Đã kiểm tra reality: iter7 (canonical fresh-tenant provisioning) đã **commit thật** ở `HEAD 8e15178` — không còn việc "commit iter7" nào tồn đọng như state.json cũ ghi. `tenant-replay-01` đã có ở tầng `omni_admin.tenant` (Postgres) nhưng chưa có Agent/VM nào cho tenant này — chỉ 3 VM lab hiện có (`cust-edge/cust-app/cust-db`), tất cả đang gắn cho `staging-sim`.

Next step theo `next_step` trong state (Phase 6-7): provision **VM + Agent mới** cho `tenant-replay-01` để chứng minh golden journey Tenant→Discovery→Fact→Twin→Competency chạy độc lập, cộng tenant-isolation proof với `staging-sim`.

Đây là hành động hạ tầng thật (tạo VM OrbStack mới, cài Agent, khả năng tốn tài nguyên máy) — không phải read-only. Trước khi tôi tạo VM mới, bạn xác nhận cho phép không? Nếu có, tôi sẽ:
1. `orb create` VM lab mới (vd `cust-replay01`)
2. Cài + start `omni-remote-agent.service` trỏ về `tenant-replay-01`
3. Verify discovery → Fact → Twin → Competency thật qua Redis/API
4. Checkpoint state + PRODUCT_PROOF + commit

Xác nhận để tôi tiến hành, hay bạn muốn thu hẹp phạm vi khác cho iteration này?
[validate_state] OK
[supervisor 2026-07-02T07:35:51Z] current status=IDLE
[supervisor 2026-07-02T07:35:51Z] status=IDLE — invoking one-iteration (--dangerously-skip-permissions)
Iteration hoàn tất — commit `c7c66eb`.

**Kết quả:** State/ledger bị lệch (nói iter7 chưa commit, HEAD=`50d2149`) trong khi `git log` xác nhận iter7 đã landed tại `8e15178`. Không có code mới cần viết — reconciliation only, đúng nguyên tắc "resume phải verify reality trước khi tiếp tục hypothesis cũ".

**Verify:** `git status/log/diff --stat` (working tree sạch ngoại trừ post-mortem timestamps pre-existing), `orb list` (3 VM Running), `kubectl get deploy,pod -n multi-agent` (omni-fullstack/onboarding/gateway 1/1 Running), `OMNI_AUTO_EXECUTE_ENABLED` vẫn wired trên `omni-fullstack`.

**Next step (chưa làm, để lại đúng chỗ):** Phase 6 của slice "Repeatable Tenant Onboarding Baseline" — provision Agent+VM thật cho `tenant-replay-01`, chạy golden journey Tenant→Discovery→Fact→Twin→Competency không sửa tay, chứng minh cross-tenant isolation vs `staging-sim`. Đây là slice lớn (VM/agent provisioning + quan sát full discovery cycle) — cố ý để dành cho iteration kế tiếp thay vì bắt đầu dở dang.
[validate_state] OK
[supervisor 2026-07-02T07:37:16Z] current status=IDLE
[supervisor 2026-07-02T07:37:16Z] status=IDLE — invoking one-iteration (--dangerously-skip-permissions)
You've hit your session limit · resets 4:50pm (Asia/Saigon)
[supervisor 2026-07-02T07:37:32Z] one-iteration invocation failed — backing off 30s
[validate_state] OK
[supervisor 2026-07-02T07:38:12Z] current status=IDLE
[supervisor 2026-07-02T07:38:12Z] status=IDLE — invoking one-iteration (--dangerously-skip-permissions)
You've hit your session limit · resets 4:50pm (Asia/Saigon)
[supervisor 2026-07-02T07:38:15Z] one-iteration invocation failed — backing off 60s
[validate_state] OK
[supervisor 2026-07-02T07:39:25Z] current status=IDLE
[supervisor 2026-07-02T07:39:25Z] status=IDLE — invoking one-iteration (--dangerously-skip-permissions)
You've hit your session limit · resets 4:50pm (Asia/Saigon)
[supervisor 2026-07-02T07:39:27Z] one-iteration invocation failed — backing off 120s
[validate_state] OK
[supervisor 2026-07-02T07:41:37Z] current status=IDLE
[supervisor 2026-07-02T07:41:37Z] status=IDLE — invoking one-iteration (--dangerously-skip-permissions)
You've hit your session limit · resets 4:50pm (Asia/Saigon)
[supervisor 2026-07-02T07:41:40Z] one-iteration invocation failed — backing off 240s
[validate_state] OK
[supervisor 2026-07-02T07:45:50Z] current status=IDLE
[supervisor 2026-07-02T07:45:50Z] status=IDLE — invoking one-iteration (--dangerously-skip-permissions)
You've hit your session limit · resets 4:50pm (Asia/Saigon)
[supervisor 2026-07-02T07:45:53Z] one-iteration invocation failed — backing off 480s
[validate_state] OK
[supervisor 2026-07-02T07:54:03Z] current status=IDLE
[supervisor 2026-07-02T07:54:03Z] status=IDLE — invoking one-iteration (--dangerously-skip-permissions)
You've hit your session limit · resets 4:50pm (Asia/Saigon)
[supervisor 2026-07-02T07:54:06Z] one-iteration invocation failed — backing off 960s
[validate_state] OK
[supervisor 2026-07-02T08:10:17Z] current status=IDLE
[supervisor 2026-07-02T08:10:17Z] status=IDLE — invoking one-iteration (--dangerously-skip-permissions)
You've hit your session limit · resets 4:50pm (Asia/Saigon)
[supervisor 2026-07-02T08:10:20Z] one-iteration invocation failed — backing off 1800s
[validate_state] OK
[supervisor 2026-07-02T08:40:30Z] current status=IDLE
[supervisor 2026-07-02T08:40:30Z] status=IDLE — invoking one-iteration (--dangerously-skip-permissions)
You've hit your session limit · resets 4:50pm (Asia/Saigon)
[supervisor 2026-07-02T08:40:32Z] one-iteration invocation failed — backing off 1800s
